src/app/actions/bookmarks.ts(96,58): error TS2345: Argument of type 'string[] | undefined' is not assignable to parameter of type 'string[]'.
  Type 'undefined' is not assignable to type 'string[]'.
src/app/actions/bookmarks.ts(108,48): error TS2769: No overload matches this call.
  Overload 1 of 2, '(value: { bookmarkId: string | SQL<unknown> | Placeholder<string, any>; collectionId: string | SQL<unknown> | Placeholder<string, any>; }): PgInsertBase<PgTableWithColumns<{ name: "bookmark_collections"; schema: undefined; columns: { ...; }; dialect: "pg"; }>, ... 4 more ..., never>', gave the following error.
    Type 'string | undefined' is not assignable to type 'string | SQL<unknown> | Placeholder<string, any>'.
      Type 'undefined' is not assignable to type 'string | SQL<unknown> | Placeholder<string, any>'.
  Overload 2 of 2, '(values: { bookmarkId: string | SQL<unknown> | Placeholder<string, any>; collectionId: string | SQL<unknown> | Placeholder<string, any>; }[]): PgInsertBase<PgTableWithColumns<{ name: "bookmark_collections"; schema: undefined; columns: { ...; }; dialect: "pg"; }>, ... 4 more ..., never>', gave the following error.
    Object literal may only specify known properties, and 'bookmarkId' does not exist in type '{ bookmarkId: string | SQL<unknown> | Placeholder<string, any>; collectionId: string | SQL<unknown> | Placeholder<string, any>; }[]'.
src/app/actions/bookmarks.ts(224,67): error TS2345: Argument of type 'string[] | undefined' is not assignable to parameter of type 'string[]'.
  Type 'undefined' is not assignable to type 'string[]'.
src/app/actions/bookmarks.ts(236,48): error TS2769: No overload matches this call.
  Overload 1 of 2, '(value: { bookmarkId: string | SQL<unknown> | Placeholder<string, any>; collectionId: string | SQL<unknown> | Placeholder<string, any>; }): PgInsertBase<PgTableWithColumns<{ name: "bookmark_collections"; schema: undefined; columns: { ...; }; dialect: "pg"; }>, ... 4 more ..., never>', gave the following error.
    Type 'string | undefined' is not assignable to type 'string | SQL<unknown> | Placeholder<string, any>'.
      Type 'undefined' is not assignable to type 'string | SQL<unknown> | Placeholder<string, any>'.
  Overload 2 of 2, '(values: { bookmarkId: string | SQL<unknown> | Placeholder<string, any>; collectionId: string | SQL<unknown> | Placeholder<string, any>; }[]): PgInsertBase<PgTableWithColumns<{ name: "bookmark_collections"; schema: undefined; columns: { ...; }; dialect: "pg"; }>, ... 4 more ..., never>', gave the following error.
    Object literal may only specify known properties, and 'bookmarkId' does not exist in type '{ bookmarkId: string | SQL<unknown> | Placeholder<string, any>; collectionId: string | SQL<unknown> | Placeholder<string, any>; }[]'.
